// Jest Snapshot v1, https://goo.gl/fbAQLP

exports[`App should render correctly 1`] = `
<div
  className="div-description-app"
>
  <Description
    desc={
      Object {
        "description": undefined,
      }
    }
  />
</div>
`;
